// Jest Snapshot v1, https://goo.gl/fbAQLP

exports[`handle mutations within the nestled structure expected outcome if not deepclone 1`] = `
{
  "nestled": "1337",
}
`;

exports[`handle mutations within the nestled structure should deepclone objects, modifying values are not propagated 1`] = `
{
  "nestled": {
    "value": 1337,
  },
}
`;
